Watching for file changes with StatReloader
[17/Apr/2026 02:43:34] "GET /api/achats/demandes/ HTTP/1.1" 200 7762
[17/Apr/2026 02:43:34] "GET /api/achats/demandes/ HTTP/1.1" 200 7762
Unauthorized: /api/achats/demandes/
[17/Apr/2026 02:45:57] "GET /api/achats/demandes/ HTTP/1.1" 401 58
[17/Apr/2026 02:58:50] "GET /api/ppm/travaux/list/ HTTP/1.1" 200 3120
[17/Apr/2026 02:58:50] "GET /api/ppm/travaux/list/ HTTP/1.1" 200 3120
[17/Apr/2026 02:58:50] "GET /api/ppm/biens/list/ HTTP/1.1" 200 13
[17/Apr/2026 02:58:50] "GET /api/ppm/consultances/list/ HTTP/1.1" 200 19
[17/Apr/2026 02:58:50] "GET /api/ppm/consultances/list/ HTTP/1.1" 200 19
[17/Apr/2026 02:58:50] "GET /api/ppm/biens/list/ HTTP/1.1" 200 13
[17/Apr/2026 02:59:04] "GET /api/achats/demandes/ HTTP/1.1" 200 7762
[17/Apr/2026 02:59:04] "GET /api/achats/demandes/ HTTP/1.1" 200 7762
[17/Apr/2026 02:59:40] "GET /api/achats/demandes/ HTTP/1.1" 200 7762
[17/Apr/2026 02:59:40] "GET /api/achats/demandes/ HTTP/1.1" 200 7762
[17/Apr/2026 03:10:49] "POST /api/achats/demandes/ HTTP/1.1" 201 2187
[17/Apr/2026 03:10:49] "POST /api/achats/demandes/23/documents/ HTTP/1.1" 201 228
[17/Apr/2026 03:10:50] "POST /api/achats/demandes/23/documents/ HTTP/1.1" 201 218
[17/Apr/2026 03:10:55] "POST /api/achats/demandes/23/submit/ HTTP/1.1" 200 2974
[17/Apr/2026 03:10:58] "GET /api/achats/demandes/ HTTP/1.1" 200 8271
[17/Apr/2026 03:10:59] "GET /api/achats/demandes/ HTTP/1.1" 200 8271
/home/stephanie/firstStageDev/UCP/backend_PPM/apps/achats/models/demande_achat.py changed, reloading.
Performing system checks...

System check identified no issues (0 silenced).
April 17, 2026 - 02:42:12
Django version 5.2.10, using settings 'config.settings'
Starting development server at http://0.0.0.0:8000/
Quit the server with CONTROL-C.

WARNING: This is a development server. Do not use it in a production setting. Use a production WSGI or ASGI server instead.
For more information on production servers see: https://docs.djangoproject.com/en/5.2/howto/deployment/
Watching for file changes with StatReloader
Exception in thread django-main-thread:
Traceback (most recent call last):
  File "/usr/lib/python3.10/threading.py", line 1016, in _bootstrap_inner
    self.run()
  File "/usr/lib/python3.10/threading.py", line 953, in run
    self._target(*self._args, **self._kwargs)
  File "/home/stephanie/.local/lib/python3.10/site-packages/django/utils/autoreload.py", line 64, in wrapper
    fn(*args, **kwargs)
  File "/home/stephanie/.local/lib/python3.10/site-packages/django/core/management/commands/runserver.py", line 134, in inner_run
    self.check(**check_kwargs)
  File "/home/stephanie/.local/lib/python3.10/site-packages/django/core/management/base.py", line 496, in check
    all_issues = checks.run_checks(
  File "/home/stephanie/.local/lib/python3.10/site-packages/django/core/checks/registry.py", line 89, in run_checks
    new_errors = check(app_configs=app_configs, databases=databases)
  File "/home/stephanie/.local/lib/python3.10/site-packages/django/core/checks/urls.py", line 16, in check_url_config
    return check_resolver(resolver)
  File "/home/stephanie/.local/lib/python3.10/site-packages/django/core/checks/urls.py", line 26, in check_resolver
    return check_method()
  File "/home/stephanie/.local/lib/python3.10/site-packages/django/urls/resolvers.py", line 531, in check
    for pattern in self.url_patterns:
  File "/home/stephanie/.local/lib/python3.10/site-packages/django/utils/functional.py", line 47, in __get__
    res = instance.__dict__[self.name] = self.func(instance)
  File "/home/stephanie/.local/lib/python3.10/site-packages/django/urls/resolvers.py", line 718, in url_patterns
    patterns = getattr(self.urlconf_module, "urlpatterns", self.urlconf_module)
  File "/home/stephanie/.local/lib/python3.10/site-packages/django/utils/functional.py", line 47, in __get__
    res = instance.__dict__[self.name] = self.func(instance)
  File "/home/stephanie/.local/lib/python3.10/site-packages/django/urls/resolvers.py", line 711, in urlconf_module
    return import_module(self.urlconf_name)
  File "/usr/lib/python3.10/importlib/__init__.py", line 126, in import_module
    return _bootstrap._gcd_import(name[level:], package, level)
  File "<frozen importlib._bootstrap>", line 1050, in _gcd_import
  File "<frozen importlib._bootstrap>", line 1027, in _find_and_load
  File "<frozen importlib._bootstrap>", line 1006, in _find_and_load_unlocked
  File "<frozen importlib._bootstrap>", line 688, in _load_unlocked
  File "<frozen importlib._bootstrap_external>", line 883, in exec_module
  File "<frozen importlib._bootstrap>", line 241, in _call_with_frames_removed
  File "/home/stephanie/firstStageDev/UCP/backend_PPM/config/urls.py", line 11, in <module>
    path("api/achats/", include("apps.achats.urls")),
  File "/home/stephanie/.local/lib/python3.10/site-packages/django/urls/conf.py", line 39, in include
    urlconf_module = import_module(urlconf_module)
  File "/usr/lib/python3.10/importlib/__init__.py", line 126, in import_module
    return _bootstrap._gcd_import(name[level:], package, level)
  File "<frozen importlib._bootstrap>", line 1050, in _gcd_import
  File "<frozen importlib._bootstrap>", line 1027, in _find_and_load
  File "<frozen importlib._bootstrap>", line 1006, in _find_and_load_unlocked
  File "<frozen importlib._bootstrap>", line 688, in _load_unlocked
  File "<frozen importlib._bootstrap_external>", line 883, in exec_module
  File "<frozen importlib._bootstrap>", line 241, in _call_with_frames_removed
  File "/home/stephanie/firstStageDev/UCP/backend_PPM/apps/achats/urls.py", line 3, in <module>
    from apps.achats.views.demande_view import (
  File "/home/stephanie/firstStageDev/UCP/backend_PPM/apps/achats/views/demande_view.py", line 23, in <module>
    from apps.achats.services import (
  File "/home/stephanie/firstStageDev/UCP/backend_PPM/apps/achats/services/__init__.py", line 1, in <module>
    from .demande_service import (
  File "/home/stephanie/firstStageDev/UCP/backend_PPM/apps/achats/services/demande_service.py", line 34, in <module>
    DemandeAchat.SOURCE_FONDS_MONDIAL: Decimal("3200000.00"),
AttributeError: type object 'DemandeAchat' has no attribute 'SOURCE_FONDS_MONDIAL'
/home/stephanie/firstStageDev/UCP/backend_PPM/apps/achats/services/demande_service.py changed, reloading.
Performing system checks...

Watching for file changes with StatReloader
[17/Apr/2026 03:14:34] "POST /api/login/ HTTP/1.1" 200 489
[17/Apr/2026 03:14:35] "GET /api/users/me/ HTTP/1.1" 200 176
[17/Apr/2026 03:14:46] "POST /api/login/ HTTP/1.1" 200 489
[17/Apr/2026 03:14:47] "GET /api/users/me/ HTTP/1.1" 200 176
[17/Apr/2026 03:14:58] "GET /api/achats/validations/pending/ HTTP/1.1" 200 6165
[17/Apr/2026 03:14:58] "GET /api/achats/validations/pending/ HTTP/1.1" 200 6165
[17/Apr/2026 03:14:59] "POST /api/login/ HTTP/1.1" 200 489
[17/Apr/2026 03:15:00] "GET /api/users/me/ HTTP/1.1" 200 176
[17/Apr/2026 03:15:08] "GET /api/achats/demandes/23/ HTTP/1.1" 200 2974
[17/Apr/2026 03:15:34] "POST /api/achats/demandes/23/validate/ HTTP/1.1" 200 3661
[17/Apr/2026 03:15:35] "GET /api/achats/validations/pending/ HTTP/1.1" 200 5656
[17/Apr/2026 03:16:04] "POST /api/login/ HTTP/1.1" 200 489
[17/Apr/2026 03:16:05] "GET /api/users/me/ HTTP/1.1" 200 177
[17/Apr/2026 03:16:07] "GET /api/achats/validations/pending/ HTTP/1.1" 200 507
[17/Apr/2026 03:16:07] "GET /api/achats/validations/pending/ HTTP/1.1" 200 507
[17/Apr/2026 03:16:09] "POST /api/login/ HTTP/1.1" 200 489
[17/Apr/2026 03:16:09] "GET /api/users/me/ HTTP/1.1" 200 177
[17/Apr/2026 03:16:12] "GET /api/achats/demandes/23/ HTTP/1.1" 200 3661
[17/Apr/2026 03:17:13] "POST /api/achats/demandes/23/validate/ HTTP/1.1" 200 4463
[17/Apr/2026 03:17:13] "GET /api/achats/validations/pending/ HTTP/1.1" 200 2
[17/Apr/2026 03:17:39] "POST /api/login/ HTTP/1.1" 200 489
[17/Apr/2026 03:17:39] "GET /api/users/me/ HTTP/1.1" 200 175
[17/Apr/2026 03:23:50] "POST /api/login/ HTTP/1.1" 200 489
[17/Apr/2026 03:23:51] "GET /api/users/me/ HTTP/1.1" 200 176
[17/Apr/2026 03:23:57] "GET /api/achats/validations/pending/ HTTP/1.1" 200 5656
[17/Apr/2026 03:23:59] "GET /api/achats/validations/pending/ HTTP/1.1" 200 5656
[17/Apr/2026 03:24:00] "POST /api/login/ HTTP/1.1" 200 489
[17/Apr/2026 03:24:01] "GET /api/users/me/ HTTP/1.1" 200 176
[17/Apr/2026 03:24:03] "POST /api/login/ HTTP/1.1" 200 489
[17/Apr/2026 03:24:04] "POST /api/login/ HTTP/1.1" 200 489
[17/Apr/2026 03:24:04] "GET /api/users/me/ HTTP/1.1" 200 176
[17/Apr/2026 03:24:05] "POST /api/login/ HTTP/1.1" 200 489
[17/Apr/2026 03:24:06] "POST /api/login/ HTTP/1.1" 200 489
[17/Apr/2026 03:24:06] "GET /api/users/me/ HTTP/1.1" 200 176
[17/Apr/2026 03:24:07] "GET /api/achats/demandes/22/ HTTP/1.1" 200 3016
[17/Apr/2026 03:24:07] "GET /api/users/me/ HTTP/1.1" 200 176
[17/Apr/2026 03:24:08] "GET /api/users/me/ HTTP/1.1" 200 176
[17/Apr/2026 03:24:24] "POST /api/achats/demandes/22/validate/ HTTP/1.1" 200 3703
[17/Apr/2026 03:24:25] "GET /api/achats/validations/pending/ HTTP/1.1" 200 5141
Bad Request: /api/login/
[17/Apr/2026 03:25:04] "POST /api/login/ HTTP/1.1" 400 45
[17/Apr/2026 03:25:21] "POST /api/login/ HTTP/1.1" 200 489
[17/Apr/2026 03:25:22] "GET /api/users/me/ HTTP/1.1" 200 177
[17/Apr/2026 03:25:26] "GET /api/achats/validations/pending/ HTTP/1.1" 200 513
[17/Apr/2026 03:25:27] "GET /api/achats/validations/pending/ HTTP/1.1" 200 513
[17/Apr/2026 03:25:31] "POST /api/login/ HTTP/1.1" 200 489
[17/Apr/2026 03:25:32] "GET /api/users/me/ HTTP/1.1" 200 177
[17/Apr/2026 03:25:33] "POST /api/login/ HTTP/1.1" 200 489
[17/Apr/2026 03:25:33] "GET /api/users/me/ HTTP/1.1" 200 177
[17/Apr/2026 03:25:34] "POST /api/login/ HTTP/1.1" 200 489
[17/Apr/2026 03:25:35] "GET /api/achats/demandes/22/ HTTP/1.1" 200 3703
[17/Apr/2026 03:25:36] "GET /api/users/me/ HTTP/1.1" 200 177
[17/Apr/2026 03:32:24] "POST /api/achats/demandes/22/validate/ HTTP/1.1" 200 4491
[17/Apr/2026 03:32:25] "GET /api/achats/validations/pending/ HTTP/1.1" 200 2
Bad Request: /api/login/
[17/Apr/2026 03:33:16] "POST /api/login/ HTTP/1.1" 400 45
[17/Apr/2026 03:33:33] "POST /api/login/ HTTP/1.1" 200 489
[17/Apr/2026 03:33:33] "GET /api/users/me/ HTTP/1.1" 200 175
[17/Apr/2026 03:33:43] "POST /api/login/ HTTP/1.1" 200 489
[17/Apr/2026 03:33:43] "GET /api/users/me/ HTTP/1.1" 200 175
[17/Apr/2026 03:34:17] "POST /api/login/ HTTP/1.1" 200 489
[17/Apr/2026 03:34:18] "GET /api/users/me/ HTTP/1.1" 200 175
